=== Simple Analytics Test ===
Γ£ô Config loaded

Γ£ô HRAnalytics class loaded
Γ£ô Analytics instance created
Γ£ô Overview metrics retrieved
  - Active employees: 3

=== All tests passed! ===
